Name: cplcomp	  Convention: ESMF	  Purpose: General	


