Name: gridcomp	  Convention: ESMF	  Purpose: General	


