Name: original field	  Convention: ESMF	  Purpose: General	

Intent   	StandardName	LongName	ShortName         	Units	
Export   		             	         Field Attribute   		      
