Name: scicomp	  Convention: ESMF	  Purpose: General	


