Name: original field bundle	  Convention: customconvention	  Purpose: custompurpose	


