Name: original state	  Convention: ESMF	  Purpose: General	


